Flow report for PulseController
Sun Feb  8 00:36:59 2026
Quartus Prime Version 22.1std.1 Build 917 02/14/2023 SC Lite Edition


---------------------
; Table of Contents ;
---------------------
  1. Legal Notice
  2. Flow Summary
  3. Flow Settings
  4. Flow Non-Default Global Settings
  5. Flow Elapsed Time
  6. Flow OS Summary
  7. Flow Log
  8. Flow Messages
  9. Flow Suppressed Messages



----------------
; Legal Notice ;
----------------
Copyright (C) 2023  Intel Corporation. All rights reserved.
Your use of Intel Corporation's design tools, logic functions 
and other software and tools, and any partner logic 
functions, and any output files from any of the foregoing 
(including device programming or simulation files), and any 
associated documentation or information are expressly subject 
to the terms and conditions of the Intel Program License 
Subscription Agreement, the Intel Quartus Prime License Agreement,
the Intel FPGA IP License Agreement, or other applicable license
agreement, including, without limitation, that your use is for
the sole purpose of programming logic devices manufactured by
Intel and sold by Intel or its authorized distributors.  Please
refer to the applicable agreement for further details, at
https://fpgasoftware.intel.com/eula.



+-------------------------------------------------------------------------------------+
; Flow Summary                                                                        ;
+------------------------------------+------------------------------------------------+
; Flow Status                        ; Successful - Sun Feb  8 00:36:59 2026          ;
; Quartus Prime Version              ; 22.1std.1 Build 917 02/14/2023 SC Lite Edition ;
; Revision Name                      ; PulseController                                ;
; Top-level Entity Name              ; pulseController                                ;
; Family                             ; MAX 10                                         ;
; Device                             ; 10M50DAF484C6GES                               ;
; Timing Models                      ; Preliminary                                    ;
; Total logic elements               ; 3,173 / 49,760 ( 6 % )                         ;
;     Total combinational functions  ; 2,459 / 49,760 ( 5 % )                         ;
;     Dedicated logic registers      ; 2,222 / 49,760 ( 4 % )                         ;
; Total registers                    ; 2222                                           ;
; Total pins                         ; 21 / 360 ( 6 % )                               ;
; Total virtual pins                 ; 0                                              ;
; Total memory bits                  ; 128 / 1,677,312 ( < 1 % )                      ;
; Embedded Multiplier 9-bit elements ; 0 / 288 ( 0 % )                                ;
; Total PLLs                         ; 2 / 4 ( 50 % )                                 ;
; UFM blocks                         ; 0 / 1 ( 0 % )                                  ;
; ADC blocks                         ; 0 / 2 ( 0 % )                                  ;
+------------------------------------+------------------------------------------------+


+-----------------------------------------+
; Flow Settings                           ;
+-------------------+---------------------+
; Option            ; Setting             ;
+-------------------+---------------------+
; Start date & time ; 02/08/2026 00:35:52 ;
; Main task         ; Compilation         ;
; Revision Name     ; PulseController     ;
+-------------------+---------------------+


+------------------------------------------------------------------------------------------------------------------------------------------------------------------------------+
; Flow Non-Default Global Settings                                                                                                                                             ;
+----------------------------------------+---------------------------------------------------------------+---------------+-----------------+-----------------------------------+
; Assignment Name                        ; Value                                                         ; Default Value ; Entity Name     ; Section Id                        ;
+----------------------------------------+---------------------------------------------------------------+---------------+-----------------+-----------------------------------+
; COMPILER_SIGNATURE_ID                  ; 198112243674495.177052895215636                               ; --            ; --              ; --                                ;
; EDA_BOARD_DESIGN_SIGNAL_INTEGRITY_TOOL ; IBIS (Signal Integrity)                                       ; <None>        ; --              ; --                                ;
; EDA_DESIGN_INSTANCE_NAME               ; NA                                                            ; --            ; --              ; Initial_PC_TB                     ;
; EDA_GENERATE_FUNCTIONAL_NETLIST        ; Off                                                           ; --            ; --              ; eda_board_design_timing           ;
; EDA_GENERATE_FUNCTIONAL_NETLIST        ; Off                                                           ; --            ; --              ; eda_board_design_boundary_scan    ;
; EDA_GENERATE_FUNCTIONAL_NETLIST        ; Off                                                           ; --            ; --              ; eda_board_design_signal_integrity ;
; EDA_GENERATE_FUNCTIONAL_NETLIST        ; Off                                                           ; --            ; --              ; eda_board_design_symbol           ;
; EDA_NATIVELINK_SIMULATION_TEST_BENCH   ; Initial_PC_TB                                                 ; --            ; --              ; eda_simulation                    ;
; EDA_OUTPUT_DATA_FORMAT                 ; Verilog Hdl                                                   ; --            ; --              ; eda_simulation                    ;
; EDA_OUTPUT_DATA_FORMAT                 ; Ibis                                                          ; --            ; --              ; eda_board_design_signal_integrity ;
; EDA_SIMULATION_TOOL                    ; ModelSim (Verilog)                                            ; <None>        ; --              ; --                                ;
; EDA_TEST_BENCH_ENABLE_STATUS           ; TEST_BENCH_MODE                                               ; --            ; --              ; eda_simulation                    ;
; EDA_TEST_BENCH_FILE                    ; tb_pulseController_50MHz.v                                    ; --            ; --              ; Initial_PC_TB                     ;
; EDA_TEST_BENCH_MODULE_NAME             ; tb_dual_clk_controller                                        ; --            ; --              ; Initial_PC_TB                     ;
; EDA_TEST_BENCH_NAME                    ; Initial_PC_TB                                                 ; --            ; --              ; eda_simulation                    ;
; EDA_TIME_SCALE                         ; 1 ps                                                          ; --            ; --              ; eda_simulation                    ;
; MAX_CORE_JUNCTION_TEMP                 ; 85                                                            ; --            ; --              ; --                                ;
; MIN_CORE_JUNCTION_TEMP                 ; 0                                                             ; --            ; --              ; --                                ;
; MISC_FILE                              ; clk_pll_50_to_400_bb.v                                        ; --            ; --              ; --                                ;
; MISC_FILE                              ; clk_pll_50_to_400.ppf                                         ; --            ; --              ; --                                ;
; MISC_FILE                              ; clk_pll_10_to_50_bb.v                                         ; --            ; --              ; --                                ;
; MISC_FILE                              ; clk_pll_10_to_50.ppf                                          ; --            ; --              ; --                                ;
; MISC_FILE                              ; clkswitcher/synthesis/../clkswitcher.cmp                      ; --            ; --              ; --                                ;
; MISC_FILE                              ; clkswitcher/synthesis/../../clkswitcher.qsys                  ; --            ; --              ; --                                ;
; PARTITION_COLOR                        ; -- (Not supported for targeted family)                        ; --            ; pulseController ; Top                               ;
; PARTITION_FITTER_PRESERVATION_LEVEL    ; -- (Not supported for targeted family)                        ; --            ; pulseController ; Top                               ;
; PARTITION_NETLIST_TYPE                 ; -- (Not supported for targeted family)                        ; --            ; pulseController ; Top                               ;
; POWER_BOARD_THERMAL_MODEL              ; None (CONSERVATIVE)                                           ; --            ; --              ; --                                ;
; POWER_PRESET_COOLING_SOLUTION          ; 23 MM HEAT SINK WITH 200 LFPM AIRFLOW                         ; --            ; --              ; --                                ;
; PROJECT_OUTPUT_DIRECTORY               ; output_files                                                  ; --            ; --              ; --                                ;
; SLD_FILE                               ; clkswitcher/synthesis/clkswitcher.debuginfo                   ; --            ; --              ; --                                ;
; SLD_INFO                               ; QSYS_NAME clkswitcher HAS_SOPCINFO 1 GENERATION_ID 1770523372 ; --            ; clkswitcher     ; --                                ;
; SOPCINFO_FILE                          ; clkswitcher/synthesis/../../clkswitcher.sopcinfo              ; --            ; --              ; --                                ;
; SYNTHESIS_ONLY_QIP                     ; On                                                            ; --            ; --              ; --                                ;
+----------------------------------------+---------------------------------------------------------------+---------------+-----------------+-----------------------------------+


+--------------------------------------------------------------------------------------------------------------------------+
; Flow Elapsed Time                                                                                                        ;
+----------------------+--------------+-------------------------+---------------------+------------------------------------+
; Module Name          ; Elapsed Time ; Average Processors Used ; Peak Virtual Memory ; Total CPU Time (on all processors) ;
+----------------------+--------------+-------------------------+---------------------+------------------------------------+
; Analysis & Synthesis ; 00:00:15     ; 1.0                     ; 4883 MB             ; 00:00:13                           ;
; Fitter               ; 00:00:38     ; 1.8                     ; 6294 MB             ; 00:00:29                           ;
; Assembler            ; 00:00:03     ; 1.0                     ; 4733 MB             ; 00:00:02                           ;
; Timing Analyzer      ; 00:00:04     ; 3.1                     ; 4956 MB             ; 00:00:07                           ;
; EDA Netlist Writer   ; 00:00:02     ; 1.0                     ; 4711 MB             ; 00:00:01                           ;
; Total                ; 00:01:02     ; --                      ; --                  ; 00:00:52                           ;
+----------------------+--------------+-------------------------+---------------------+------------------------------------+


+------------------------------------------------------------------------------------+
; Flow OS Summary                                                                    ;
+----------------------+------------------+------------+------------+----------------+
; Module Name          ; Machine Hostname ; OS Name    ; OS Version ; Processor type ;
+----------------------+------------------+------------+------------+----------------+
; Analysis & Synthesis ; DustyRawr        ; Windows 10 ; 10.0       ; x86_64         ;
; Fitter               ; DustyRawr        ; Windows 10 ; 10.0       ; x86_64         ;
; Assembler            ; DustyRawr        ; Windows 10 ; 10.0       ; x86_64         ;
; Timing Analyzer      ; DustyRawr        ; Windows 10 ; 10.0       ; x86_64         ;
; EDA Netlist Writer   ; DustyRawr        ; Windows 10 ; 10.0       ; x86_64         ;
+----------------------+------------------+------------+------------+----------------+


------------
; Flow Log ;
------------
quartus_map --read_settings_files=on --write_settings_files=off PulseController -c PulseController
quartus_fit --read_settings_files=off --write_settings_files=off PulseController -c PulseController
quartus_asm --read_settings_files=off --write_settings_files=off PulseController -c PulseController
quartus_sta PulseController -c PulseController
quartus_eda --read_settings_files=off --write_settings_files=off PulseController -c PulseController



