------------------------------------------------------------
Timing Analyzer Summary
------------------------------------------------------------

Type  : Slow 1200mV 85C Model Setup 'wiz_2|altpll_component|auto_generated|pll1|clk[1]'
Slack : -1.177
TNS   : -22.702

Type  : Slow 1200mV 85C Model Setup 'wiz_2|altpll_component|auto_generated|pll1|clk[0]'
Slack : 2.997
TNS   : 0.000

Type  : Slow 1200mV 85C Model Setup 'clk50'
Slack : 16.933
TNS   : 0.000

Type  : Slow 1200mV 85C Model Hold 'clk50'
Slack : 0.326
TNS   : 0.000

Type  : Slow 1200mV 85C Model Hold 'wiz_2|altpll_component|auto_generated|pll1|clk[0]'
Slack : 0.421
TNS   : 0.000

Type  : Slow 1200mV 85C Model Hold 'wiz_2|altpll_component|auto_generated|pll1|clk[1]'
Slack : 0.421
TNS   : 0.000

Type  : Slow 1200mV 85C Model Recovery 'wiz_2|altpll_component|auto_generated|pll1|clk[1]'
Slack : 1.847
TNS   : 0.000

Type  : Slow 1200mV 85C Model Removal 'wiz_2|altpll_component|auto_generated|pll1|clk[1]'
Slack : 2.410
TNS   : 0.000

Type  : Slow 1200mV 85C Model Minimum Pulse Width 'wiz_2|altpll_component|auto_generated|pll1|clk[1]'
Slack : 2.246
TNS   : 0.000

Type  : Slow 1200mV 85C Model Minimum Pulse Width 'wiz_2|altpll_component|auto_generated|pll1|clk[0]'
Slack : 4.755
TNS   : 0.000

Type  : Slow 1200mV 85C Model Minimum Pulse Width 'clk50'
Slack : 9.642
TNS   : 0.000

Type  : Slow 1200mV 85C Model Minimum Pulse Width 'rb_clk'
Slack : 96.000
TNS   : 0.000

Type  : Slow 1200mV 0C Model Setup 'wiz_2|altpll_component|auto_generated|pll1|clk[1]'
Slack : -0.621
TNS   : -1.931

Type  : Slow 1200mV 0C Model Setup 'wiz_2|altpll_component|auto_generated|pll1|clk[0]'
Slack : 3.601
TNS   : 0.000

Type  : Slow 1200mV 0C Model Setup 'clk50'
Slack : 17.170
TNS   : 0.000

Type  : Slow 1200mV 0C Model Hold 'clk50'
Slack : 0.295
TNS   : 0.000

Type  : Slow 1200mV 0C Model Hold 'wiz_2|altpll_component|auto_generated|pll1|clk[1]'
Slack : 0.347
TNS   : 0.000

Type  : Slow 1200mV 0C Model Hold 'wiz_2|altpll_component|auto_generated|pll1|clk[0]'
Slack : 0.348
TNS   : 0.000

Type  : Slow 1200mV 0C Model Recovery 'wiz_2|altpll_component|auto_generated|pll1|clk[1]'
Slack : 2.112
TNS   : 0.000

Type  : Slow 1200mV 0C Model Removal 'wiz_2|altpll_component|auto_generated|pll1|clk[1]'
Slack : 2.164
TNS   : 0.000

Type  : Slow 1200mV 0C Model Minimum Pulse Width 'wiz_2|altpll_component|auto_generated|pll1|clk[1]'
Slack : 2.208
TNS   : 0.000

Type  : Slow 1200mV 0C Model Minimum Pulse Width 'wiz_2|altpll_component|auto_generated|pll1|clk[0]'
Slack : 4.711
TNS   : 0.000

Type  : Slow 1200mV 0C Model Minimum Pulse Width 'clk50'
Slack : 9.666
TNS   : 0.000

Type  : Slow 1200mV 0C Model Minimum Pulse Width 'rb_clk'
Slack : 96.000
TNS   : 0.000

Type  : Fast 1200mV 0C Model Setup 'wiz_2|altpll_component|auto_generated|pll1|clk[1]'
Slack : 1.928
TNS   : 0.000

Type  : Fast 1200mV 0C Model Setup 'wiz_2|altpll_component|auto_generated|pll1|clk[0]'
Slack : 6.598
TNS   : 0.000

Type  : Fast 1200mV 0C Model Setup 'clk50'
Slack : 18.571
TNS   : 0.000

Type  : Fast 1200mV 0C Model Hold 'clk50'
Slack : 0.149
TNS   : 0.000

Type  : Fast 1200mV 0C Model Hold 'wiz_2|altpll_component|auto_generated|pll1|clk[0]'
Slack : 0.208
TNS   : 0.000

Type  : Fast 1200mV 0C Model Hold 'wiz_2|altpll_component|auto_generated|pll1|clk[1]'
Slack : 0.208
TNS   : 0.000

Type  : Fast 1200mV 0C Model Recovery 'wiz_2|altpll_component|auto_generated|pll1|clk[1]'
Slack : 3.333
TNS   : 0.000

Type  : Fast 1200mV 0C Model Removal 'wiz_2|altpll_component|auto_generated|pll1|clk[1]'
Slack : 1.288
TNS   : 0.000

Type  : Fast 1200mV 0C Model Minimum Pulse Width 'wiz_2|altpll_component|auto_generated|pll1|clk[1]'
Slack : 2.261
TNS   : 0.000

Type  : Fast 1200mV 0C Model Minimum Pulse Width 'wiz_2|altpll_component|auto_generated|pll1|clk[0]'
Slack : 4.800
TNS   : 0.000

Type  : Fast 1200mV 0C Model Minimum Pulse Width 'clk50'
Slack : 9.471
TNS   : 0.000

Type  : Fast 1200mV 0C Model Minimum Pulse Width 'rb_clk'
Slack : 96.000
TNS   : 0.000

------------------------------------------------------------
