Info: Starting: Create block symbol file (.bsf)
Info: qsys-generate E:\Quartus\projects\PHYS4310\clkswitcher.qsys --block-symbol-file --output-directory=E:\Quartus\projects\PHYS4310\clkswitcher --family="MAX 10" --part=10M50DAF484C6GES
Progress: Loading PHYS4310/clkswitcher.qsys
Progress: Reading input file
Progress: Adding altclkctrl_0 [altclkctrl 22.1]
Progress: Parameterizing module altclkctrl_0
Progress: Building connections
Progress: Parameterizing connections
Progress: Validating
Progress: Done reading input file
: clkswitcher.altclkctrl_0: Targeting device family: MAX 10.
: clkswitcher.altclkctrl_0: Global clock network allows a clock signal to reach all parts of the chip with the same amount of skew. Input port 'clkselect' can be used to switch between four clock inputs.
Info: qsys-generate succeeded.
Info: Finished: Create block symbol file (.bsf)
Info: 
Info: Starting: Create HDL design files for synthesis
Info: qsys-generate E:\Quartus\projects\PHYS4310\clkswitcher.qsys --synthesis=VERILOG --output-directory=E:\Quartus\projects\PHYS4310\clkswitcher\synthesis --family="MAX 10" --part=10M50DAF484C6GES
Progress: Loading PHYS4310/clkswitcher.qsys
Progress: Reading input file
Progress: Adding altclkctrl_0 [altclkctrl 22.1]
Progress: Parameterizing module altclkctrl_0
Progress: Building connections
Progress: Parameterizing connections
Progress: Validating
Progress: Done reading input file
: clkswitcher.altclkctrl_0: Targeting device family: MAX 10.
: clkswitcher.altclkctrl_0: Global clock network allows a clock signal to reach all parts of the chip with the same amount of skew. Input port 'clkselect' can be used to switch between four clock inputs.
Info: clkswitcher: Generating clkswitcher "clkswitcher" for QUARTUS_SYNTH
Info: altclkctrl_0: Generating top-level entity clkswitcher_altclkctrl_0.
Info: altclkctrl_0: "clkswitcher" instantiated altclkctrl "altclkctrl_0"
Info: clkswitcher: Done "clkswitcher" with 2 modules, 2 files
Info: qsys-generate succeeded.
Info: Finished: Create HDL design files for synthesis
